// Vitest Snapshot v1

exports[`makeConvexHull > success 1`] = `
{
  "geometry": {
    "coordinates": [
      [
        [
          2,
          3,
        ],
        [
          0,
          0,
        ],
        [
          1,
          2,
        ],
        [
          2,
          3,
        ],
      ],
    ],
    "type": "Polygon",
  },
  "properties": {},
  "type": "Feature",
}
`;
